// Jest Snapshot v1, https://jestjs.io/docs/snapshot-testing

exports[`VendorDeliveryFlow Snapshot Test should match snapshot 1`] = `
<div>
  <section
    class="bg-[#f7cd2a] px-4 py-16 sm:px-6 lg:px-10"
  >
    <div
      class="mx-auto flex max-w-6xl flex-col gap-10"
    >
      <div
        class="text-center text-gray-900"
      >
        <h2
          class="text-2xl font-extrabold leading-tight sm:text-3xl"
        >
          End-to-End
          <br />
          Delivery Service
        </h2>
        <p
          class="mx-auto mt-3 max-w-2xl text-sm leading-relaxed sm:text-base"
        >
          We handle everything from orders to setup, making catering deliveries
          <br />
          easy, reliable, and stress-free for
          <br />
          restaurants and caterers.
        </p>
      </div>
      <div
        class="relative"
      >
        <div
          class="pointer-events-none absolute inset-0 hidden lg:block"
        >
          <span
            class="absolute left-[8%] right-[8%] top-[26%] border-t-2 border-dashed border-white"
          />
          <span
            class="absolute bottom-[33%] left-[8%] right-[8%] border-t-2 border-dashed border-white"
          />
          <span
            class="absolute bottom-[34%] left-1/2 top-[26%] -translate-x-1/2 border-l-2 border-dashed border-white"
          />
          <span
            class="absolute bottom-[34%] left-[16.5%] top-[26%] border-l-2 border-dashed border-white"
          />
          <span
            class="absolute bottom-[34%] right-[16.5%] top-[26%] border-l-2 border-dashed border-white"
          />
        </div>
        <div
          class="grid gap-4 sm:grid-cols-2 lg:grid-cols-3"
        >
          <div
            class="relative flex h-full flex-col gap-4 rounded-3xl border-[3px] border-gray-400 bg-white p-6 shadow-[0_0_0_4px_rgba(156,163,175,0.4)]"
          >
            <div
              class="flex items-start gap-3"
            >
              <div
                class="rounded-xl bg-[#f1f2f8] p-3"
              >
                <svg
                  aria-hidden="true"
                  class="h-9 w-9 text-gray-900"
                  fill="none"
                  stroke="currentColor"
                  stroke-linecap="round"
                  stroke-linejoin="round"
                  stroke-width="1.8"
                  viewBox="0 0 24 24"
                >
                  <rect
                    height="15"
                    rx="2.5"
                    width="16"
                    x="4"
                    y="5"
                  />
                  <path
                    d="M8 3v4M16 3v4M4 10h16"
                  />
                  <circle
                    cx="9"
                    cy="14"
                    r="1"
                  />
                  <circle
                    cx="15"
                    cy="14"
                    r="1"
                  />
                </svg>
              </div>
              <h3
                class="text-lg font-extrabold text-gray-900 sm:text-xl"
              >
                Schedule Drives
              </h3>
            </div>
            <ul
              class="ml-1 space-y-2 text-sm leading-relaxed text-gray-700 sm:text-base"
            >
              <li
                class="flex items-start gap-2"
              >
                <span
                  aria-hidden="true"
                  class="mt-2 h-1.5 w-1.5 rounded-full bg-gray-700"
                />
                <span>
                  Schedule deliveries 1 week in advance for optimal service.
                </span>
              </li>
              <li
                class="flex items-start gap-2"
              >
                <span
                  aria-hidden="true"
                  class="mt-2 h-1.5 w-1.5 rounded-full bg-gray-700"
                />
                <span>
                  Late order submissions may be accepted with 24 hours notice.
                </span>
              </li>
              <li
                class="flex items-start gap-2"
              >
                <span
                  aria-hidden="true"
                  class="mt-2 h-1.5 w-1.5 rounded-full bg-gray-700"
                />
                <span>
                  On-demand deliveries are accepted, but driver alignment isn’t guaranteed.
                </span>
              </li>
              <li
                class="flex items-start gap-2"
              >
                <span
                  aria-hidden="true"
                  class="mt-2 h-1.5 w-1.5 rounded-full bg-gray-700"
                />
                <span>
                  Client order sheet submit via dashboard, Slack, text, or email.
                </span>
              </li>
            </ul>
          </div>
          <div
            class="relative flex h-full flex-col gap-4 rounded-3xl border-[3px] border-gray-400 bg-white p-6 shadow-[0_0_0_4px_rgba(156,163,175,0.4)]"
          >
            <div
              class="flex items-start gap-3"
            >
              <div
                class="rounded-xl bg-[#f1f2f8] p-3"
              >
                <svg
                  aria-hidden="true"
                  class="h-9 w-9 text-gray-900"
                  fill="none"
                  stroke="currentColor"
                  stroke-linecap="round"
                  stroke-linejoin="round"
                  stroke-width="1.8"
                  viewBox="0 0 24 24"
                >
                  <path
                    d="M6 6h12v12H6z"
                  />
                  <path
                    d="M8 9h8M8 12h5M8 15h4"
                  />
                  <path
                    d="M15.5 5.5l2 2M6.5 5.5l-2 2"
                  />
                </svg>
              </div>
              <h3
                class="text-lg font-extrabold text-gray-900 sm:text-xl"
              >
                Order Confirmation
              </h3>
            </div>
            <ul
              class="ml-1 space-y-2 text-sm leading-relaxed text-gray-700 sm:text-base"
            >
              <li
                class="flex items-start gap-2"
              >
                <span
                  aria-hidden="true"
                  class="mt-2 h-1.5 w-1.5 rounded-full bg-gray-700"
                />
                <span>
                  Items (food trays, etc.)
                </span>
              </li>
              <li
                class="flex items-start gap-2"
              >
                <span
                  aria-hidden="true"
                  class="mt-2 h-1.5 w-1.5 rounded-full bg-gray-700"
                />
                <span>
                  Food cost/headcount
                </span>
              </li>
              <li
                class="flex items-start gap-2"
              >
                <span
                  aria-hidden="true"
                  class="mt-2 h-1.5 w-1.5 rounded-full bg-gray-700"
                />
                <span>
                  Pickup time & restaurant address
                </span>
              </li>
              <li
                class="flex items-start gap-2"
              >
                <span
                  aria-hidden="true"
                  class="mt-2 h-1.5 w-1.5 rounded-full bg-gray-700"
                />
                <span>
                  Pickup driver assignment
                </span>
              </li>
              <li
                class="flex items-start gap-2"
              >
                <span
                  aria-hidden="true"
                  class="mt-2 h-1.5 w-1.5 rounded-full bg-gray-700"
                />
                <span>
                  Assigned pickup window
                </span>
              </li>
              <li
                class="flex items-start gap-2"
              >
                <span
                  aria-hidden="true"
                  class="mt-2 h-1.5 w-1.5 rounded-full bg-gray-700"
                />
                <span>
                  Drop-off address & ETA time
                </span>
              </li>
              <li
                class="flex items-start gap-2"
              >
                <span
                  aria-hidden="true"
                  class="mt-2 h-1.5 w-1.5 rounded-full bg-gray-700"
                />
                <span>
                  Special instructions
                </span>
              </li>
            </ul>
          </div>
          <div
            class="relative flex h-full flex-col gap-4 rounded-3xl border-[3px] border-gray-400 bg-white p-6 shadow-[0_0_0_4px_rgba(156,163,175,0.4)]"
          >
            <div
              class="flex items-start gap-3"
            >
              <div
                class="rounded-xl bg-[#f1f2f8] p-3"
              >
                <svg
                  aria-hidden="true"
                  class="h-9 w-9 text-gray-900"
                  fill="none"
                  stroke="currentColor"
                  stroke-linecap="round"
                  stroke-linejoin="round"
                  stroke-width="1.8"
                  viewBox="0 0 24 24"
                >
                  <rect
                    height="8"
                    rx="2"
                    width="12"
                    x="3"
                    y="8"
                  />
                  <path
                    d="M15 12h3l2 2.5V16h-5"
                  />
                  <path
                    d="M3 12h12"
                  />
                  <circle
                    cx="7"
                    cy="17"
                    r="1.4"
                  />
                  <circle
                    cx="16"
                    cy="17"
                    r="1.4"
                  />
                </svg>
              </div>
              <h3
                class="text-lg font-extrabold text-gray-900 sm:text-xl"
              >
                Driver Assignment
              </h3>
            </div>
            <ul
              class="ml-1 space-y-2 text-sm leading-relaxed text-gray-700 sm:text-base"
            >
              <li
                class="flex items-start gap-2"
              >
                <span
                  aria-hidden="true"
                  class="mt-2 h-1.5 w-1.5 rounded-full bg-gray-700"
                />
                <span>
                  Assign the nearest driver (week in advance or same day).
                </span>
              </li>
              <li
                class="flex items-start gap-2"
              >
                <span
                  aria-hidden="true"
                  class="mt-2 h-1.5 w-1.5 rounded-full bg-gray-700"
                />
                <span>
                  Send delivery details to the driver.
                </span>
              </li>
              <li
                class="flex items-start gap-2"
              >
                <span
                  aria-hidden="true"
                  class="mt-2 h-1.5 w-1.5 rounded-full bg-gray-700"
                />
                <span>
                  Drivers confirm the order.
                </span>
              </li>
              <li
                class="flex items-start gap-2"
              >
                <span
                  aria-hidden="true"
                  class="mt-2 h-1.5 w-1.5 rounded-full bg-gray-700"
                />
                <span>
                  Client portal for tracking deliveries and live map.
                </span>
              </li>
              <li
                class="flex items-start gap-2"
              >
                <span
                  aria-hidden="true"
                  class="mt-2 h-1.5 w-1.5 rounded-full bg-gray-700"
                />
                <span>
                  Share driver contact info and driver info with vendors.
                </span>
              </li>
            </ul>
          </div>
          <div
            class="relative flex h-full flex-col gap-4 rounded-3xl border-[3px] border-gray-400 bg-white p-6 shadow-[0_0_0_4px_rgba(156,163,175,0.4)]"
          >
            <div
              class="flex items-start gap-3"
            >
              <div
                class="rounded-xl bg-[#f1f2f8] p-3"
              >
                <svg
                  aria-hidden="true"
                  class="h-9 w-9 text-gray-900"
                  fill="none"
                  stroke="currentColor"
                  stroke-linecap="round"
                  stroke-linejoin="round"
                  stroke-width="1.8"
                  viewBox="0 0 24 24"
                >
                  <circle
                    cx="12"
                    cy="12"
                    r="9"
                  />
                  <path
                    d="M8.5 12.5l2.5 2.5 4.5-5.5"
                  />
                </svg>
              </div>
              <h3
                class="text-lg font-extrabold text-gray-900 sm:text-xl"
              >
                Completion
              </h3>
            </div>
            <ul
              class="ml-1 space-y-2 text-sm leading-relaxed text-gray-700 sm:text-base"
            >
              <li
                class="flex items-start gap-2"
              >
                <span
                  aria-hidden="true"
                  class="mt-2 h-1.5 w-1.5 rounded-full bg-gray-700"
                />
                <span>
                  Take photo/video proof for the catering company and ensure all instructions are followed.
                </span>
              </li>
            </ul>
          </div>
          <div
            class="relative flex h-full flex-col gap-4 rounded-3xl border-[3px] border-gray-400 bg-white p-6 shadow-[0_0_0_4px_rgba(156,163,175,0.4)]"
          >
            <div
              class="flex items-start gap-3"
            >
              <div
                class="rounded-xl bg-[#f1f2f8] p-3"
              >
                <svg
                  aria-hidden="true"
                  class="h-9 w-9 text-gray-900"
                  fill="none"
                  stroke="currentColor"
                  stroke-linecap="round"
                  stroke-linejoin="round"
                  stroke-width="1.8"
                  viewBox="0 0 24 24"
                >
                  <circle
                    cx="12"
                    cy="7.5"
                    r="2.5"
                  />
                  <path
                    d="M6 20c0-3.3 2.7-6 6-6s6 2.7 6 6"
                  />
                  <path
                    d="M10 11v2M14 11v2"
                  />
                </svg>
              </div>
              <h3
                class="text-lg font-extrabold text-gray-900 sm:text-xl"
              >
                On-Site Setup
              </h3>
            </div>
            <ul
              class="ml-1 space-y-2 text-sm leading-relaxed text-gray-700 sm:text-base"
            >
              <li
                class="flex items-start gap-2"
              >
                <span
                  aria-hidden="true"
                  class="mt-2 h-1.5 w-1.5 rounded-full bg-gray-700"
                />
                <span>
                  Sanitize the setup area, wash hands, and prep workspace.
                </span>
              </li>
              <li
                class="flex items-start gap-2"
              >
                <span
                  aria-hidden="true"
                  class="mt-2 h-1.5 w-1.5 rounded-full bg-gray-700"
                />
                <span>
                  Set up catering according to the guide or placement details in the instructions.
                </span>
              </li>
              <li
                class="flex items-start gap-2"
              >
                <span
                  aria-hidden="true"
                  class="mt-2 h-1.5 w-1.5 rounded-full bg-gray-700"
                />
                <span>
                  Confirm completion with Office Manager.
                </span>
              </li>
            </ul>
          </div>
          <div
            class="relative flex h-full flex-col gap-4 rounded-3xl border-[3px] border-gray-400 bg-white p-6 shadow-[0_0_0_4px_rgba(156,163,175,0.4)]"
          >
            <div
              class="flex items-start gap-3"
            >
              <div
                class="rounded-xl bg-[#f1f2f8] p-3"
              >
                <svg
                  aria-hidden="true"
                  class="h-9 w-9 text-gray-900"
                  fill="none"
                  stroke="currentColor"
                  stroke-linecap="round"
                  stroke-linejoin="round"
                  stroke-width="1.8"
                  viewBox="0 0 24 24"
                >
                  <path
                    d="M12 21s7-4.35 7-10a7 7 0 10-14 0c0 5.65 7 10 7 10z"
                  />
                  <circle
                    cx="12"
                    cy="11"
                    r="2.6"
                  />
                  <path
                    d="M12 8.5v1.5M12 12.5V14"
                  />
                </svg>
              </div>
              <h3
                class="text-lg font-extrabold text-gray-900 sm:text-xl"
              >
                Order Pickup
              </h3>
            </div>
            <ul
              class="ml-1 space-y-2 text-sm leading-relaxed text-gray-700 sm:text-base"
            >
              <li
                class="flex items-start gap-2"
              >
                <span
                  aria-hidden="true"
                  class="mt-2 h-1.5 w-1.5 rounded-full bg-gray-700"
                />
                <span>
                  Arrive at Caterer 15 minutes early from pickup window start time.
                </span>
              </li>
              <li
                class="flex items-start gap-2"
              >
                <span
                  aria-hidden="true"
                  class="mt-2 h-1.5 w-1.5 rounded-full bg-gray-700"
                />
                <span>
                  Confirm items list with Caterer (quantity and tray sizes).
                </span>
              </li>
              <li
                class="flex items-start gap-2"
              >
                <span
                  aria-hidden="true"
                  class="mt-2 h-1.5 w-1.5 rounded-full bg-gray-700"
                />
                <span>
                  Inform customer of delivery ETA and send confirmation to required parties.
                </span>
              </li>
            </ul>
          </div>
        </div>
      </div>
      <div
        class="rounded-2xl bg-[#f7cd2a] px-5 py-6 text-center text-gray-900 sm:px-8 sm:py-7"
      >
        <div
          class="mx-auto flex max-w-4xl flex-col gap-2 sm:gap-3"
        >
          <div
            class="flex items-center justify-center gap-3"
          >
            <span
              class="inline-flex h-10 w-10 items-center justify-center rounded-full border-2 border-gray-900 text-lg font-extrabold"
            >
              !
            </span>
            <p
              class="text-lg font-extrabold sm:text-xl"
            >
              Same-Day Delivery
            </p>
          </div>
          <p
            class="text-sm leading-relaxed sm:text-base"
          >
            Please note that while we may accept same-day delivery requests, driver availability cannot be guaranteed. To secure driver and ensure optimal service quality, we highly recommend submitting orders at least one week in advance or with a minimum of 24 hours notice.
          </p>
        </div>
      </div>
    </div>
  </section>
</div>
`;
